2023-10-24 17:08:44,625 - test_main - INFO - ROWCOUNT => The count of Source : 311 and Target : 311 Matching : True
2023-10-24 17:08:47,487 - test_main - INFO - DATA MISMATCH : PASSED
2023-10-24 17:08:47,972 - test_main - INFO - DUPLICATES OR NOT : PASSED
2023-10-24 17:08:49,646 - test_main - INFO - NULL CHECK : PASSED
2023-10-24 17:08:50,830 - test_main - INFO - COLUMN MATCH WITH STTM : PASSED
